// Jest Snapshot v1, https://goo.gl/fbAQLP

exports[`Account container render user data correctly after loading 1`] = `
<div
  class="account__Container-sc-2uwcdi-0 gUELBw"
  data-testid="account-container"
>
  <div
    class="account__Column-sc-2uwcdi-1 jihhBM"
  >
    <img
      alt="profile image"
      class="account__Poster-sc-2uwcdi-2 istUAj"
      src="https://firebasestorage.googleapis.com/v0/b/tmdb-api-63318.appspot.com/o/unnamed.jpg?alt=media&token=b405c3ee-ba51-4ffd-bc4f-f1cf91e544ae"
    />
    <span
      class="account__Nickname-sc-2uwcdi-3 favWHE"
    >
      Zabashtevich
    </span>
  </div>
  <div
    class="account__Content-sc-2uwcdi-4 jIARfU"
  >
    <span
      class="account__Title-sc-2uwcdi-5 bOFUMs"
    >
      YOUR PROFILE ACTIVITY
    </span>
    <div
      class="filter__Container-sc-1yp3tcu-0 lhaIzW"
    >
      <span
        class="filter__Title-sc-1yp3tcu-1 bCAYEv"
      >
        Customize your activity list
      </span>
      <div
        class="filter__Wrapper-sc-1yp3tcu-2 hsAkBu"
      >
        <div
          class="filter__Row-sc-1yp3tcu-3 ifCEPw"
        >
          <span
            class="filter__Name-sc-1yp3tcu-4 kumIAg"
          >
            Sort by:
          </span>
          <span
            class="filter__Value-sc-1yp3tcu-5 dudyCf"
          >
            DATE
          </span>
          <span
            class="filter__Value-sc-1yp3tcu-5 dudyCf"
          >
            POPULARITY
          </span>
          <span
            class="filter__Value-sc-1yp3tcu-5 dudyCf"
          >
            YOUR VOTE VALUE
          </span>
          <span
            class="filter__Value-sc-1yp3tcu-5 dudyCf"
          >
            AMOUNT OF VOTES
          </span>
          <span
            class="filter__Value-sc-1yp3tcu-5 dudyCf"
          >
            VOTE AVERAGE
          </span>
        </div>
        <div
          class="filter__Row-sc-1yp3tcu-3 ifCEPw"
        >
          <span
            class="filter__Name-sc-1yp3tcu-4 kumIAg"
          >
            List type:
          </span>
          <span
            class="filter__Value-sc-1yp3tcu-5 dudyCf"
          >
            VOTED
          </span>
          <span
            class="filter__Value-sc-1yp3tcu-5 dudyCf"
          >
            USERLIST
          </span>
          <span
            class="filter__Value-sc-1yp3tcu-5 dudyCf"
          >
            FAVORITE
          </span>
        </div>
        <div
          class="filter__Row-sc-1yp3tcu-3 ifCEPw"
        >
          <span
            class="filter__Name-sc-1yp3tcu-4 kumIAg"
          >
            Your list:
          </span>
        </div>
        <div
          class="filter__Row-sc-1yp3tcu-3 ifCEPw"
        >
          <span
            class="filter__Name-sc-1yp3tcu-4 kumIAg"
          >
            Period:
          </span>
          <span
            class="filter__Subtitle-sc-1yp3tcu-6 bugdKQ"
          >
            from
          </span>
          <select
            class="filter__Select-sc-1yp3tcu-7 eJdIRW"
          >
            <option
              class="filter__Option-sc-1yp3tcu-8"
              value="all"
            >
              ALL
            </option>
            <option
              class="filter__Option-sc-1yp3tcu-8"
              value="1950"
            >
              1950
            </option>
            <option
              class="filter__Option-sc-1yp3tcu-8"
              value="1951"
            >
              1951
            </option>
            <option
              class="filter__Option-sc-1yp3tcu-8"
              value="1952"
            >
              1952
            </option>
            <option
              class="filter__Option-sc-1yp3tcu-8"
              value="1953"
            >
              1953
            </option>
            <option
              class="filter__Option-sc-1yp3tcu-8"
              value="1954"
            >
              1954
            </option>
            <option
              class="filter__Option-sc-1yp3tcu-8"
              value="1955"
            >
              1955
            </option>
            <option
              class="filter__Option-sc-1yp3tcu-8"
              value="1956"
            >
              1956
            </option>
            <option
              class="filter__Option-sc-1yp3tcu-8"
              value="1957"
            >
              1957
            </option>
            <option
              class="filter__Option-sc-1yp3tcu-8"
              value="1958"
            >
              1958
            </option>
            <option
              class="filter__Option-sc-1yp3tcu-8"
              value="1959"
            >
              1959
            </option>
            <option
              class="filter__Option-sc-1yp3tcu-8"
              value="1960"
            >
              1960
            </option>
            <option
              class="filter__Option-sc-1yp3tcu-8"
              value="1961"
            >
              1961
            </option>
            <option
              class="filter__Option-sc-1yp3tcu-8"
              value="1962"
            >
              1962
            </option>
            <option
              class="filter__Option-sc-1yp3tcu-8"
              value="1963"
            >
              1963
            </option>
            <option
              class="filter__Option-sc-1yp3tcu-8"
              value="1964"
            >
              1964
            </option>
            <option
              class="filter__Option-sc-1yp3tcu-8"
              value="1965"
            >
              1965
            </option>
            <option
              class="filter__Option-sc-1yp3tcu-8"
              value="1966"
            >
              1966
            </option>
            <option
              class="filter__Option-sc-1yp3tcu-8"
              value="1967"
            >
              1967
            </option>
            <option
              class="filter__Option-sc-1yp3tcu-8"
              value="1968"
            >
              1968
            </option>
            <option
              class="filter__Option-sc-1yp3tcu-8"
              value="1969"
            >
              1969
            </option>
            <option
              class="filter__Option-sc-1yp3tcu-8"
              value="1970"
            >
              1970
            </option>
            <option
              class="filter__Option-sc-1yp3tcu-8"
              value="1971"
            >
              1971
            </option>
            <option
              class="filter__Option-sc-1yp3tcu-8"
              value="1972"
            >
              1972
            </option>
            <option
              class="filter__Option-sc-1yp3tcu-8"
              value="1973"
            >
              1973
            </option>
            <option
              class="filter__Option-sc-1yp3tcu-8"
              value="1974"
            >
              1974
            </option>
            <option
              class="filter__Option-sc-1yp3tcu-8"
              value="1975"
            >
              1975
            </option>
            <option
              class="filter__Option-sc-1yp3tcu-8"
              value="1976"
            >
              1976
            </option>
            <option
              class="filter__Option-sc-1yp3tcu-8"
              value="1977"
            >
              1977
            </option>
            <option
              class="filter__Option-sc-1yp3tcu-8"
              value="1978"
            >
              1978
            </option>
            <option
              class="filter__Option-sc-1yp3tcu-8"
              value="1979"
            >
              1979
            </option>
            <option
              class="filter__Option-sc-1yp3tcu-8"
              value="1980"
            >
              1980
            </option>
            <option
              class="filter__Option-sc-1yp3tcu-8"
              value="1981"
            >
              1981
            </option>
            <option
              class="filter__Option-sc-1yp3tcu-8"
              value="1982"
            >
              1982
            </option>
            <option
              class="filter__Option-sc-1yp3tcu-8"
              value="1983"
            >
              1983
            </option>
            <option
              class="filter__Option-sc-1yp3tcu-8"
              value="1984"
            >
              1984
            </option>
            <option
              class="filter__Option-sc-1yp3tcu-8"
              value="1985"
            >
              1985
            </option>
            <option
              class="filter__Option-sc-1yp3tcu-8"
              value="1986"
            >
              1986
            </option>
            <option
              class="filter__Option-sc-1yp3tcu-8"
              value="1987"
            >
              1987
            </option>
            <option
              class="filter__Option-sc-1yp3tcu-8"
              value="1988"
            >
              1988
            </option>
            <option
              class="filter__Option-sc-1yp3tcu-8"
              value="1989"
            >
              1989
            </option>
            <option
              class="filter__Option-sc-1yp3tcu-8"
              value="1990"
            >
              1990
            </option>
            <option
              class="filter__Option-sc-1yp3tcu-8"
              value="1991"
            >
              1991
            </option>
            <option
              class="filter__Option-sc-1yp3tcu-8"
              value="1992"
            >
              1992
            </option>
            <option
              class="filter__Option-sc-1yp3tcu-8"
              value="1993"
            >
              1993
            </option>
            <option
              class="filter__Option-sc-1yp3tcu-8"
              value="1994"
            >
              1994
            </option>
            <option
              class="filter__Option-sc-1yp3tcu-8"
              value="1995"
            >
              1995
            </option>
            <option
              class="filter__Option-sc-1yp3tcu-8"
              value="1996"
            >
              1996
            </option>
            <option
              class="filter__Option-sc-1yp3tcu-8"
              value="1997"
            >
              1997
            </option>
            <option
              class="filter__Option-sc-1yp3tcu-8"
              value="1998"
            >
              1998
            </option>
            <option
              class="filter__Option-sc-1yp3tcu-8"
              value="1999"
            >
              1999
            </option>
            <option
              class="filter__Option-sc-1yp3tcu-8"
              value="2000"
            >
              2000
            </option>
            <option
              class="filter__Option-sc-1yp3tcu-8"
              value="2001"
            >
              2001
            </option>
            <option
              class="filter__Option-sc-1yp3tcu-8"
              value="2002"
            >
              2002
            </option>
            <option
              class="filter__Option-sc-1yp3tcu-8"
              value="2003"
            >
              2003
            </option>
            <option
              class="filter__Option-sc-1yp3tcu-8"
              value="2004"
            >
              2004
            </option>
            <option
              class="filter__Option-sc-1yp3tcu-8"
              value="2005"
            >
              2005
            </option>
            <option
              class="filter__Option-sc-1yp3tcu-8"
              value="2006"
            >
              2006
            </option>
            <option
              class="filter__Option-sc-1yp3tcu-8"
              value="2007"
            >
              2007
            </option>
            <option
              class="filter__Option-sc-1yp3tcu-8"
              value="2008"
            >
              2008
            </option>
            <option
              class="filter__Option-sc-1yp3tcu-8"
              value="2009"
            >
              2009
            </option>
            <option
              class="filter__Option-sc-1yp3tcu-8"
              value="2010"
            >
              2010
            </option>
            <option
              class="filter__Option-sc-1yp3tcu-8"
              value="2011"
            >
              2011
            </option>
            <option
              class="filter__Option-sc-1yp3tcu-8"
              value="2012"
            >
              2012
            </option>
            <option
              class="filter__Option-sc-1yp3tcu-8"
              value="2013"
            >
              2013
            </option>
            <option
              class="filter__Option-sc-1yp3tcu-8"
              value="2014"
            >
              2014
            </option>
            <option
              class="filter__Option-sc-1yp3tcu-8"
              value="2015"
            >
              2015
            </option>
            <option
              class="filter__Option-sc-1yp3tcu-8"
              value="2016"
            >
              2016
            </option>
            <option
              class="filter__Option-sc-1yp3tcu-8"
              value="2017"
            >
              2017
            </option>
            <option
              class="filter__Option-sc-1yp3tcu-8"
              value="2018"
            >
              2018
            </option>
            <option
              class="filter__Option-sc-1yp3tcu-8"
              value="2019"
            >
              2019
            </option>
            <option
              class="filter__Option-sc-1yp3tcu-8"
              value="2020"
            >
              2020
            </option>
            <option
              class="filter__Option-sc-1yp3tcu-8"
              value="2021"
            >
              2021
            </option>
          </select>
          <span
            class="filter__Subtitle-sc-1yp3tcu-6 bugdKQ"
          >
            to
          </span>
          <select
            class="filter__Select-sc-1yp3tcu-7 eJdIRW"
          >
            <option
              class="filter__Option-sc-1yp3tcu-8"
            >
              ALL
            </option>
            <option
              class="filter__Option-sc-1yp3tcu-8"
              value="1950"
            >
              1950
            </option>
            <option
              class="filter__Option-sc-1yp3tcu-8"
              value="1951"
            >
              1951
            </option>
            <option
              class="filter__Option-sc-1yp3tcu-8"
              value="1952"
            >
              1952
            </option>
            <option
              class="filter__Option-sc-1yp3tcu-8"
              value="1953"
            >
              1953
            </option>
            <option
              class="filter__Option-sc-1yp3tcu-8"
              value="1954"
            >
              1954
            </option>
            <option
              class="filter__Option-sc-1yp3tcu-8"
              value="1955"
            >
              1955
            </option>
            <option
              class="filter__Option-sc-1yp3tcu-8"
              value="1956"
            >
              1956
            </option>
            <option
              class="filter__Option-sc-1yp3tcu-8"
              value="1957"
            >
              1957
            </option>
            <option
              class="filter__Option-sc-1yp3tcu-8"
              value="1958"
            >
              1958
            </option>
            <option
              class="filter__Option-sc-1yp3tcu-8"
              value="1959"
            >
              1959
            </option>
            <option
              class="filter__Option-sc-1yp3tcu-8"
              value="1960"
            >
              1960
            </option>
            <option
              class="filter__Option-sc-1yp3tcu-8"
              value="1961"
            >
              1961
            </option>
            <option
              class="filter__Option-sc-1yp3tcu-8"
              value="1962"
            >
              1962
            </option>
            <option
              class="filter__Option-sc-1yp3tcu-8"
              value="1963"
            >
              1963
            </option>
            <option
              class="filter__Option-sc-1yp3tcu-8"
              value="1964"
            >
              1964
            </option>
            <option
              class="filter__Option-sc-1yp3tcu-8"
              value="1965"
            >
              1965
            </option>
            <option
              class="filter__Option-sc-1yp3tcu-8"
              value="1966"
            >
              1966
            </option>
            <option
              class="filter__Option-sc-1yp3tcu-8"
              value="1967"
            >
              1967
            </option>
            <option
              class="filter__Option-sc-1yp3tcu-8"
              value="1968"
            >
              1968
            </option>
            <option
              class="filter__Option-sc-1yp3tcu-8"
              value="1969"
            >
              1969
            </option>
            <option
              class="filter__Option-sc-1yp3tcu-8"
              value="1970"
            >
              1970
            </option>
            <option
              class="filter__Option-sc-1yp3tcu-8"
              value="1971"
            >
              1971
            </option>
            <option
              class="filter__Option-sc-1yp3tcu-8"
              value="1972"
            >
              1972
            </option>
            <option
              class="filter__Option-sc-1yp3tcu-8"
              value="1973"
            >
              1973
            </option>
            <option
              class="filter__Option-sc-1yp3tcu-8"
              value="1974"
            >
              1974
            </option>
            <option
              class="filter__Option-sc-1yp3tcu-8"
              value="1975"
            >
              1975
            </option>
            <option
              class="filter__Option-sc-1yp3tcu-8"
              value="1976"
            >
              1976
            </option>
            <option
              class="filter__Option-sc-1yp3tcu-8"
              value="1977"
            >
              1977
            </option>
            <option
              class="filter__Option-sc-1yp3tcu-8"
              value="1978"
            >
              1978
            </option>
            <option
              class="filter__Option-sc-1yp3tcu-8"
              value="1979"
            >
              1979
            </option>
            <option
              class="filter__Option-sc-1yp3tcu-8"
              value="1980"
            >
              1980
            </option>
            <option
              class="filter__Option-sc-1yp3tcu-8"
              value="1981"
            >
              1981
            </option>
            <option
              class="filter__Option-sc-1yp3tcu-8"
              value="1982"
            >
              1982
            </option>
            <option
              class="filter__Option-sc-1yp3tcu-8"
              value="1983"
            >
              1983
            </option>
            <option
              class="filter__Option-sc-1yp3tcu-8"
              value="1984"
            >
              1984
            </option>
            <option
              class="filter__Option-sc-1yp3tcu-8"
              value="1985"
            >
              1985
            </option>
            <option
              class="filter__Option-sc-1yp3tcu-8"
              value="1986"
            >
              1986
            </option>
            <option
              class="filter__Option-sc-1yp3tcu-8"
              value="1987"
            >
              1987
            </option>
            <option
              class="filter__Option-sc-1yp3tcu-8"
              value="1988"
            >
              1988
            </option>
            <option
              class="filter__Option-sc-1yp3tcu-8"
              value="1989"
            >
              1989
            </option>
            <option
              class="filter__Option-sc-1yp3tcu-8"
              value="1990"
            >
              1990
            </option>
            <option
              class="filter__Option-sc-1yp3tcu-8"
              value="1991"
            >
              1991
            </option>
            <option
              class="filter__Option-sc-1yp3tcu-8"
              value="1992"
            >
              1992
            </option>
            <option
              class="filter__Option-sc-1yp3tcu-8"
              value="1993"
            >
              1993
            </option>
            <option
              class="filter__Option-sc-1yp3tcu-8"
              value="1994"
            >
              1994
            </option>
            <option
              class="filter__Option-sc-1yp3tcu-8"
              value="1995"
            >
              1995
            </option>
            <option
              class="filter__Option-sc-1yp3tcu-8"
              value="1996"
            >
              1996
            </option>
            <option
              class="filter__Option-sc-1yp3tcu-8"
              value="1997"
            >
              1997
            </option>
            <option
              class="filter__Option-sc-1yp3tcu-8"
              value="1998"
            >
              1998
            </option>
            <option
              class="filter__Option-sc-1yp3tcu-8"
              value="1999"
            >
              1999
            </option>
            <option
              class="filter__Option-sc-1yp3tcu-8"
              value="2000"
            >
              2000
            </option>
            <option
              class="filter__Option-sc-1yp3tcu-8"
              value="2001"
            >
              2001
            </option>
            <option
              class="filter__Option-sc-1yp3tcu-8"
              value="2002"
            >
              2002
            </option>
            <option
              class="filter__Option-sc-1yp3tcu-8"
              value="2003"
            >
              2003
            </option>
            <option
              class="filter__Option-sc-1yp3tcu-8"
              value="2004"
            >
              2004
            </option>
            <option
              class="filter__Option-sc-1yp3tcu-8"
              value="2005"
            >
              2005
            </option>
            <option
              class="filter__Option-sc-1yp3tcu-8"
              value="2006"
            >
              2006
            </option>
            <option
              class="filter__Option-sc-1yp3tcu-8"
              value="2007"
            >
              2007
            </option>
            <option
              class="filter__Option-sc-1yp3tcu-8"
              value="2008"
            >
              2008
            </option>
            <option
              class="filter__Option-sc-1yp3tcu-8"
              value="2009"
            >
              2009
            </option>
            <option
              class="filter__Option-sc-1yp3tcu-8"
              value="2010"
            >
              2010
            </option>
            <option
              class="filter__Option-sc-1yp3tcu-8"
              value="2011"
            >
              2011
            </option>
            <option
              class="filter__Option-sc-1yp3tcu-8"
              value="2012"
            >
              2012
            </option>
            <option
              class="filter__Option-sc-1yp3tcu-8"
              value="2013"
            >
              2013
            </option>
            <option
              class="filter__Option-sc-1yp3tcu-8"
              value="2014"
            >
              2014
            </option>
            <option
              class="filter__Option-sc-1yp3tcu-8"
              value="2015"
            >
              2015
            </option>
            <option
              class="filter__Option-sc-1yp3tcu-8"
              value="2016"
            >
              2016
            </option>
            <option
              class="filter__Option-sc-1yp3tcu-8"
              value="2017"
            >
              2017
            </option>
            <option
              class="filter__Option-sc-1yp3tcu-8"
              value="2018"
            >
              2018
            </option>
            <option
              class="filter__Option-sc-1yp3tcu-8"
              value="2019"
            >
              2019
            </option>
            <option
              class="filter__Option-sc-1yp3tcu-8"
              value="2020"
            >
              2020
            </option>
            <option
              class="filter__Option-sc-1yp3tcu-8"
              value="2021"
            >
              2021
            </option>
          </select>
        </div>
      </div>
    </div>
  </div>
</div>
`;
